C 0 1
C 0 2
C 0 2
C 0 11
C 0 11
E 0 1
C 0 0
C 0 1
C 0 1
E 0 66
E 0 138
C 0 10
E 0 1
C 0 1
E 0 1
E 0 2
E 0 4
E 0 7
C 0 11
E 0 2
E 0 10
E 0 23
C 0 41
C 0 41
C 1 3
E 1 7
C 1 3
E 0 1
E 0 35
E 0 90
E 1 97
E 0 179
E 0 323
E 0 556
E 0 933
C 1 903
E 1 97
C 1 3
C 0 1154
